﻿
> frontend@0.0.0 build
> vite build

[36mvite v8.0.0 [32mbuilding client environment for production...[36m[39m
[2K
transforming...Γ£ô 2762 modules transformed.
rendering chunks...
computing gzip size...
dist/index.html                   0.72 kB Γöé gzip:   0.40 kB
dist/assets/index-CTGk8r-J.css   18.15 kB Γöé gzip:   4.38 kB
dist/assets/index-Dwk3SQyF.js   966.94 kB Γöé gzip: 335.51 kB

node.exe : [33m[plugin 
builtin:vite-reporter] 
At line:1 char:1
+ & "C:\Program 
Files\nodejs/node.exe" 
"C:\Users\himan\AppData\Roaming\ ...
+ ~~~~~~~~~~~~~~~~~~~~~~~~~~~~~~~~~~
~~~~~~~~~~~~~~~~~~~~~~~~~~~~~~~~~~~
    + CategoryInfo          : NotSp 
   ecified: ([33m[plugin builtin:  
  vite-reporter] :String) [], Rem   
 oteException
    + FullyQualifiedErrorId : Nativ 
   eCommandError
 
(!) Some chunks are larger than 500 
kB after minification. Consider:
- Using dynamic import() to 
code-split the application
- Use build.rolldownOptions.output.c
odeSplitting to improve chunking: ht
tps://rolldown.rs/reference/OutputOp
tions.codeSplitting
- Adjust chunk size limit for this 
warning via 
build.chunkSizeWarningLimit.[39m
[31mΓ£ù[39m Build failed in 2.43s
[31merror during build:
[31mBuild failed with 1 error:

Error: [vite]: Rolldown failed to 
resolve import "react-player/lazy" 
from "C:/Users/himan/Desktop/hacktho
n-frontend/frontend/src/components/V
ideoPlayer.jsx".
This is most likely unintended 
because it can break your 
application at runtime.
If you do want to externalize this 
module explicitly add it to
`build.rollupOptions.external`
    at viteLog (file:///C:/Users/him
an/Desktop/hackthon-frontend/fronten
d/node_modules/vite/dist/node/chunks
/node.js:32887:57)
    at file:///C:/Users/himan/Deskto
p/hackthon-frontend/frontend/node_mo
dules/vite/dist/node/chunks/node.js:
32923:71
    at onwarn (file:///C:/Users/hima
n/Desktop/hackthon-frontend/frontend
/node_modules/@vitejs/plugin-react/d
ist/index.js:40:7)
    at file:///C:/Users/himan/Deskto
p/hackthon-frontend/frontend/node_mo
dules/vite/dist/node/chunks/node.js:
32923:28
    at onRollupLog (file:///C:/Users
/himan/Desktop/hackthon-frontend/fro
ntend/node_modules/vite/dist/node/ch
unks/node.js:32918:63)
    at onLog (file:///C:/Users/himan
/Desktop/hackthon-frontend/frontend/
node_modules/vite/dist/node/chunks/n
ode.js:32688:4)
    at file:///C:/Users/himan/Deskto
p/hackthon-frontend/frontend/node_mo
dules/rolldown/dist/shared/rolldown-
build-4YnQkA76.mjs:49:26
    at logger (file:///C:/Users/hima
n/Desktop/hackthon-frontend/frontend
/node_modules/rolldown/dist/shared/r
olldown-build-4YnQkA76.mjs:40:3)
    at onLog (file:///C:/Users/himan
/Desktop/hackthon-frontend/frontend/
node_modules/rolldown/dist/shared/bi
ndingify-input-options-Cu7pt6SZ.mjs:
1945:32)[31m
    at 
aggregateBindingErrorsIntoJsError (f
ile:///C:/Users/himan/Desktop/hackth
on-frontend/frontend/node_modules/ro
lldown/dist/shared/error-CP8smW_P.mj
s:48:18)
    at unwrapBindingResult (file:///
C:/Users/himan/Desktop/hackthon-fron
tend/frontend/node_modules/rolldown/
dist/shared/error-CP8smW_P.mjs:18:12
8)
    at #build (file:///C:/Users/hima
n/Desktop/hackthon-frontend/frontend
/node_modules/rolldown/dist/shared/r
olldown-build-4YnQkA76.mjs:3311:34)
    at async buildEnvironment (file:
///C:/Users/himan/Desktop/hackthon-f
rontend/frontend/node_modules/vite/d
ist/node/chunks/node.js:32794:64)
    at async Object.build (file:///C
:/Users/himan/Desktop/hackthon-front
end/frontend/node_modules/vite/dist/
node/chunks/node.js:33216:19)
    at async Object.buildApp (file:/
//C:/Users/himan/Desktop/hackthon-fr
ontend/frontend/node_modules/vite/di
st/node/chunks/node.js:33213:153)
    at async CAC.<anonymous> (file:/
//C:/Users/himan/Desktop/hackthon-fr
ontend/frontend/node_modules/vite/di
st/node/cli.js:778:3) {
  errors: [Getter/Setter]
}[39m
